\BOOKMARK [1][-]{section.1}{\376\377\000I\000n\000t\000r\000o\000d\000u\000c\000t\000i\000o\000n}{}% 1
\BOOKMARK [1][-]{section.2}{\376\377\000P\000r\000o\000b\000l\000e\000m\000\040\000a\000n\000a\000l\000y\000s\000i\000s}{}% 2
\BOOKMARK [2][-]{subsection.2.1}{\376\377\000S\000y\000s\000t\000e\000m\000\040\000o\000v\000e\000r\000v\000i\000e\000w}{section.2}% 3
\BOOKMARK [2][-]{subsection.2.2}{\376\377\000T\000h\000e\000\040\000c\000o\000n\000t\000r\000o\000l\000l\000e\000d\000\040\000p\000l\000a\000t\000f\000o\000r\000m\000s}{section.2}% 4
\BOOKMARK [2][-]{subsection.2.3}{\376\377\000L\000o\000w\000-\000l\000e\000v\000e\000l\000\040\000l\000o\000c\000o\000m\000o\000t\000i\000o\000n\000\040\000l\000a\000y\000e\000r\000s}{section.2}% 5
\BOOKMARK [3][-]{subsubsection.2.3.1}{\376\377\000M\000o\000d\000e\000l\000-\000b\000a\000s\000e\000d\000\040\000g\000a\000i\000t\000\040\000g\000e\000n\000e\000r\000a\000t\000i\000o\000n\000:\000\040\000C\000H\000A\000M\000P\000\040\000o\000n\000\040\000t\000h\000e\000\040\000G\000o\0002}{subsection.2.3}% 6
\BOOKMARK [3][-]{subsubsection.2.3.2}{\376\377\000L\000e\000a\000r\000n\000e\000d\000\040\000w\000h\000o\000l\000e\000-\000b\000o\000d\000y\000\040\000c\000o\000n\000t\000r\000o\000l\000:\000\040\000t\000h\000e\000\040\000A\000M\000O\000\040\000p\000o\000l\000i\000c\000y\000\040\000o\000n\000\040\000t\000h\000e\000\040\000G\0001}{subsection.2.3}% 7
\BOOKMARK [3][-]{subsubsection.2.3.3}{\376\377\000T\000h\000e\000\040\000c\000a\000s\000c\000a\000d\000e\000\040\000a\000n\000d\000\040\000i\000t\000s\000\040\000a\000b\000s\000t\000r\000a\000c\000t\000i\000o\000n\000\040\000s\000e\000a\000m}{subsection.2.3}% 8
\BOOKMARK [2][-]{subsection.2.4}{\376\377\000E\000n\000v\000i\000r\000o\000n\000m\000e\000n\000t\000\040\000r\000e\000p\000r\000e\000s\000e\000n\000t\000a\000t\000i\000o\000n}{section.2}% 9
\BOOKMARK [2][-]{subsection.2.5}{\376\377\000P\000l\000a\000n\000t\000\040\000m\000o\000d\000e\000l\000\040\000a\000n\000d\000\040\000s\000t\000a\000t\000e\000-\000s\000p\000a\000c\000e\000\040\000f\000o\000r\000m\000u\000l\000a\000t\000i\000o\000n}{section.2}% 10
\BOOKMARK [2][-]{subsection.2.6}{\376\377\000N\000a\000v\000i\000g\000a\000t\000i\000o\000n\000\040\000p\000r\000o\000b\000l\000e\000m\000\040\000s\000t\000a\000t\000e\000m\000e\000n\000t}{section.2}% 11
\BOOKMARK [1][-]{section.3}{\376\377\000F\000o\000r\000m\000u\000l\000a\000t\000i\000o\000n\000\040\000o\000f\000\040\000t\000h\000e\000\040\000o\000p\000t\000i\000m\000i\000z\000a\000t\000i\000o\000n\000\040\000p\000r\000o\000g\000r\000a\000m}{}% 12
\BOOKMARK [2][-]{subsection.3.1}{\376\377\000R\000e\000f\000e\000r\000e\000n\000c\000e\000\040\000g\000e\000n\000e\000r\000a\000t\000i\000o\000n\000:\000\040\000A\000\040\000a\000s\000\040\000a\000\040\000d\000i\000s\000c\000r\000e\000t\000e\000\040\000p\000r\000o\000g\000r\000a\000m}{section.3}% 13
\BOOKMARK [2][-]{subsection.3.2}{\376\377\000M\000o\000d\000e\000l\000\040\000d\000i\000s\000c\000r\000e\000t\000i\000z\000a\000t\000i\000o\000n}{section.3}% 14
\BOOKMARK [2][-]{subsection.3.3}{\376\377\000T\000h\000e\000\040\000n\000o\000n\000l\000i\000n\000e\000a\000r\000\040\000M\000P\000C\000\040\000p\000r\000o\000g\000r\000a\000m}{section.3}% 15
\BOOKMARK [3][-]{subsubsection.3.3.1}{\376\377\000D\000e\000c\000i\000s\000i\000o\000n\000\040\000v\000a\000r\000i\000a\000b\000l\000e\000s\000\040\000a\000n\000d\000\040\000c\000o\000s\000t}{subsection.3.3}% 16
\BOOKMARK [3][-]{subsubsection.3.3.2}{\376\377\000O\000b\000s\000t\000a\000c\000l\000e\000\040\000a\000v\000o\000i\000d\000a\000n\000c\000e\000\040\000a\000s\000\040\000a\000\040\000s\000m\000o\000o\000t\000h\000\040\000b\000a\000r\000r\000i\000e\000r}{subsection.3.3}% 17
\BOOKMARK [3][-]{subsubsection.3.3.3}{\376\377\000C\000o\000n\000s\000t\000r\000a\000i\000n\000t\000s}{subsection.3.3}% 18
\BOOKMARK [3][-]{subsubsection.3.3.4}{\376\377\000T\000e\000r\000m\000i\000n\000a\000l\000\040\000c\000o\000s\000t\000,\000\040\000s\000t\000a\000b\000i\000l\000i\000t\000y\000\040\000a\000n\000d\000\040\000r\000e\000c\000u\000r\000s\000i\000v\000e\000\040\000f\000e\000a\000s\000i\000b\000i\000l\000i\000t\000y}{subsection.3.3}% 19
\BOOKMARK [3][-]{subsubsection.3.3.5}{\376\377\000R\000e\000f\000e\000r\000e\000n\000c\000e\000\040\000t\000r\000a\000j\000e\000c\000t\000o\000r\000y\000\040\000a\000n\000d\000\040\000w\000a\000r\000m\000\040\000s\000t\000a\000r\000t}{subsection.3.3}% 20
\BOOKMARK [3][-]{subsubsection.3.3.6}{\376\377\000O\000n\000\040\000t\000h\000e\000\040\000a\000b\000s\000e\000n\000c\000e\000\040\000o\000f\000\040\000i\000n\000t\000e\000g\000r\000a\000l\000\040\000a\000c\000t\000i\000o\000n}{subsection.3.3}% 21
\BOOKMARK [1][-]{section.4}{\376\377\000O\000p\000t\000i\000m\000i\000z\000a\000t\000i\000o\000n\000\040\000p\000r\000o\000c\000e\000d\000u\000r\000e}{}% 22
\BOOKMARK [2][-]{subsection.4.1}{\376\377\000P\000r\000o\000b\000l\000e\000m\000\040\000d\000i\000m\000e\000n\000s\000i\000o\000n\000s\000\040\000a\000n\000d\000\040\000s\000t\000r\000u\000c\000t\000u\000r\000e}{section.4}% 23
\BOOKMARK [2][-]{subsection.4.2}{\376\377\000S\000o\000l\000v\000e\000r\000\040\000m\000e\000t\000h\000o\000d\000o\000l\000o\000g\000y}{section.4}% 24
\BOOKMARK [2][-]{subsection.4.3}{\376\377\000I\000m\000p\000l\000e\000m\000e\000n\000t\000a\000t\000i\000o\000n\000\040\000a\000n\000d\000\040\000c\000o\000n\000f\000i\000g\000u\000r\000a\000t\000i\000o\000n}{section.4}% 25
\BOOKMARK [2][-]{subsection.4.4}{\376\377\000O\000f\000f\000l\000i\000n\000e\000\040\000w\000e\000i\000g\000h\000t\000\040\000t\000u\000n\000i\000n\000g\000\040\000b\000y\000\040\000p\000e\000r\000-\000a\000x\000i\000s\000\040\000G\000a\000u\000s\000s\000i\000a\000n\000\040\000p\000r\000o\000c\000e\000s\000s\000e\000s}{section.4}% 26
\BOOKMARK [3][-]{subsubsection.4.4.1}{\376\377\000T\000h\000e\000\040\000t\000u\000n\000i\000n\000g\000\040\000p\000r\000o\000b\000l\000e\000m}{subsection.4.4}% 27
\BOOKMARK [3][-]{subsubsection.4.4.2}{\376\377\000O\000b\000j\000e\000c\000t\000i\000v\000e}{subsection.4.4}% 28
\BOOKMARK [3][-]{subsubsection.4.4.3}{\376\377\000P\000e\000r\000-\000a\000x\000i\000s\000\040\000s\000u\000r\000r\000o\000g\000a\000t\000e\000s\000\040\000a\000n\000d\000\040\000c\000o\000o\000r\000d\000i\000n\000a\000t\000e\000\040\000d\000e\000s\000c\000e\000n\000t}{subsection.4.4}% 29
\BOOKMARK [1][-]{section.5}{\376\377\000P\000e\000r\000f\000o\000r\000m\000a\000n\000c\000e\000\040\000a\000n\000a\000l\000y\000s\000i\000s}{}% 30
\BOOKMARK [2][-]{subsection.5.1}{\376\377\000E\000x\000p\000e\000r\000i\000m\000e\000n\000t\000a\000l\000\040\000s\000e\000t\000u\000p}{section.5}% 31
\BOOKMARK [2][-]{subsection.5.2}{\376\377\000B\000a\000s\000e\000l\000i\000n\000e\000\040\000v\000e\000r\000s\000u\000s\000\040\000t\000u\000n\000e\000d\000\040\000w\000e\000i\000g\000h\000t\000s\000\040\000i\000n\000\040\000c\000l\000o\000s\000e\000d\000\040\000l\000o\000o\000p}{section.5}% 32
\BOOKMARK [2][-]{subsection.5.3}{\376\377\000T\000h\000e\000\040\000r\000o\000l\000l\000i\000n\000g\000-\000h\000o\000r\000i\000z\000o\000n\000\040\000l\000o\000c\000a\000l\000\040\000m\000i\000n\000i\000m\000u\000m}{section.5}% 33
\BOOKMARK [2][-]{subsection.5.4}{\376\377\000W\000e\000i\000g\000h\000t\000\040\000t\000u\000n\000i\000n\000g\000\040\000b\000y\000\040\000p\000e\000r\000-\000a\000x\000i\000s\000\040\000G\000a\000u\000s\000s\000i\000a\000n\000\040\000p\000r\000o\000c\000e\000s\000s\000e\000s}{section.5}% 34
\BOOKMARK [2][-]{subsection.5.5}{\376\377\000T\000r\000a\000j\000e\000c\000t\000o\000r\000y\000\040\000c\000o\000m\000p\000a\000r\000i\000s\000o\000n}{section.5}% 35
\BOOKMARK [2][-]{subsection.5.6}{\376\377\000W\000h\000i\000c\000h\000\040\000w\000e\000i\000g\000h\000t\000s\000\040\000m\000a\000t\000t\000e\000r\000:\000\040\000s\000e\000n\000s\000i\000t\000i\000v\000i\000t\000y\000\040\000a\000n\000d\000\040\000a\000b\000l\000a\000t\000i\000o\000n}{section.5}% 36
\BOOKMARK [2][-]{subsection.5.7}{\376\377\000P\000r\000e\000d\000i\000c\000t\000i\000o\000n\000\040\000h\000o\000r\000i\000z\000o\000n\000\040\000a\000n\000d\000\040\000r\000e\000a\000l\000-\000t\000i\000m\000e\000\040\000f\000e\000a\000s\000i\000b\000i\000l\000i\000t\000y}{section.5}% 37
\BOOKMARK [2][-]{subsection.5.8}{\376\377\000W\000a\000r\000m\000\040\000s\000t\000a\000r\000t}{section.5}% 38
\BOOKMARK [2][-]{subsection.5.9}{\376\377\000S\000a\000m\000p\000l\000i\000n\000g\000\040\000t\000i\000m\000e\000\040\000a\000n\000d\000\040\000d\000u\000t\000y\000\040\000c\000y\000c\000l\000e}{section.5}% 39
\BOOKMARK [2][-]{subsection.5.10}{\376\377\000B\000a\000r\000r\000i\000e\000r\000\040\000s\000h\000a\000p\000i\000n\000g}{section.5}% 40
\BOOKMARK [2][-]{subsection.5.11}{\376\377\000E\000f\000f\000o\000r\000t\000\040\000a\000n\000d\000\040\000r\000a\000t\000e\000\040\000p\000e\000n\000a\000l\000t\000i\000e\000s}{section.5}% 41
\BOOKMARK [2][-]{subsection.5.12}{\376\377\000C\000o\000s\000t\000\040\000o\000f\000\040\000t\000h\000e\000\040\000b\000a\000r\000r\000i\000e\000r\000\040\000t\000e\000r\000m\000s}{section.5}% 42
\BOOKMARK [2][-]{subsection.5.13}{\376\377\000T\000e\000r\000m\000i\000n\000a\000l\000\040\000w\000e\000i\000g\000h\000t}{section.5}% 43
\BOOKMARK [2][-]{subsection.5.14}{\376\377\000R\000o\000b\000u\000s\000t\000n\000e\000s\000s\000\040\000t\000o\000\040\000m\000o\000d\000e\000l\000\040\000m\000i\000s\000m\000a\000t\000c\000h}{section.5}% 44
\BOOKMARK [2][-]{subsection.5.15}{\376\377\000E\000v\000i\000d\000e\000n\000c\000e\000\040\000f\000r\000o\000m\000\040\000t\000h\000e\000\040\000p\000h\000y\000s\000i\000c\000a\000l\000\040\000r\000o\000b\000o\000t}{section.5}% 45
\BOOKMARK [2][-]{subsection.5.16}{\376\377\000S\000u\000m\000m\000a\000r\000y\000\040\000o\000f\000\040\000d\000e\000s\000i\000g\000n\000\040\000g\000u\000i\000d\000e\000l\000i\000n\000e\000s}{section.5}% 46
\BOOKMARK [1][-]{section.6}{\376\377\000D\000i\000s\000c\000u\000s\000s\000i\000o\000n\000\040\000a\000n\000d\000\040\000l\000i\000m\000i\000t\000a\000t\000i\000o\000n\000s}{}% 47
\BOOKMARK [1][-]{section.7}{\376\377\000C\000o\000n\000c\000l\000u\000s\000i\000o\000n\000s}{}% 48
\BOOKMARK [1][-]{section.7}{\376\377\000R\000e\000p\000r\000o\000d\000u\000c\000i\000b\000i\000l\000i\000t\000y}{}% 49
